// Jest Snapshot v1, https://goo.gl/fbAQLP

exports[`shows initial message 1`] = `
<DocumentFragment>
  <div
    class="app"
  >
    <div
      class="container"
    >
      <div
        class="controls"
      >
        <span>
          Find 2 bugs
        </span>
      </div>
      <div
        class="game-board"
      >
        <div
          class="tile"
          data-testid="tile"
        />
        <div
          class="tile"
          data-testid="tile"
        />
        <div
          class="tile"
          data-testid="tile"
        />
        <div
          class="tile"
          data-testid="tile"
        />
        <div
          class="tile"
          data-testid="tile"
        />
        <div
          class="tile"
          data-testid="tile"
        />
        <div
          class="tile"
          data-testid="tile"
        />
        <div
          class="tile"
          data-testid="tile"
        />
        <div
          class="tile"
          data-testid="tile"
        />
        <div
          class="tile"
          data-testid="tile"
        />
        <div
          class="tile"
          data-testid="tile"
        />
        <div
          class="tile"
          data-testid="tile"
        />
        <div
          class="tile"
          data-testid="tile"
        />
        <div
          class="tile"
          data-testid="tile"
        />
        <div
          class="tile"
          data-testid="tile"
        />
        <div
          class="tile"
          data-testid="tile"
        />
        <div
          class="tile"
          data-testid="tile"
        />
        <div
          class="tile"
          data-testid="tile"
        />
        <div
          class="tile"
          data-testid="tile"
        />
        <div
          class="tile"
          data-testid="tile"
        />
        <div
          class="tile"
          data-testid="tile"
        />
        <div
          class="tile"
          data-testid="tile"
        />
        <div
          class="tile"
          data-testid="tile"
        />
        <div
          class="tile"
          data-testid="tile"
        />
        <div
          class="tile"
          data-testid="tile"
        />
        <div
          class="tile"
          data-testid="tile"
        />
        <div
          class="tile"
          data-testid="tile"
        />
        <div
          class="tile"
          data-testid="tile"
        />
        <div
          class="tile"
          data-testid="tile"
        />
        <div
          class="tile"
          data-testid="tile"
        />
        <div
          class="tile"
          data-testid="tile"
        />
        <div
          class="tile"
          data-testid="tile"
        />
        <div
          class="tile"
          data-testid="tile"
        />
        <div
          class="tile"
          data-testid="tile"
        />
        <div
          class="tile"
          data-testid="tile"
        />
        <div
          class="tile"
          data-testid="tile"
        />
        <div
          class="tile"
          data-testid="tile"
        />
        <div
          class="tile"
          data-testid="tile"
        />
        <div
          class="tile"
          data-testid="tile"
        />
        <div
          class="tile"
          data-testid="tile"
        />
        <div
          class="tile"
          data-testid="tile"
        />
        <div
          class="tile"
          data-testid="tile"
        />
        <div
          class="tile"
          data-testid="tile"
        />
        <div
          class="tile"
          data-testid="tile"
        />
        <div
          class="tile"
          data-testid="tile"
        />
        <div
          class="tile"
          data-testid="tile"
        />
        <div
          class="tile"
          data-testid="tile"
        />
        <div
          class="tile"
          data-testid="tile"
        />
        <div
          class="tile"
          data-testid="tile"
        />
        <div
          class="tile"
          data-testid="tile"
        />
        <div
          class="tile"
          data-testid="tile"
        />
        <div
          class="tile"
          data-testid="tile"
        />
        <div
          class="tile"
          data-testid="tile"
        />
        <div
          class="tile"
          data-testid="tile"
        />
        <div
          class="tile"
          data-testid="tile"
        />
        <div
          class="tile"
          data-testid="tile"
        />
        <div
          class="tile"
          data-testid="tile"
        />
        <div
          class="tile"
          data-testid="tile"
        />
        <div
          class="tile"
          data-testid="tile"
        />
        <div
          class="tile"
          data-testid="tile"
        />
        <div
          class="tile"
          data-testid="tile"
        />
        <div
          class="tile"
          data-testid="tile"
        />
        <div
          class="tile"
          data-testid="tile"
        />
        <div
          class="tile"
          data-testid="tile"
        />
        <div
          class="tile"
          data-testid="tile"
        />
        <div
          class="tile"
          data-testid="tile"
        />
        <div
          class="tile"
          data-testid="tile"
        />
        <div
          class="tile"
          data-testid="tile"
        />
        <div
          class="tile"
          data-testid="tile"
        />
        <div
          class="tile"
          data-testid="tile"
        />
        <div
          class="tile"
          data-testid="tile"
        />
        <div
          class="tile"
          data-testid="tile"
        />
        <div
          class="tile"
          data-testid="tile"
        />
        <div
          class="tile"
          data-testid="tile"
        />
        <div
          class="tile"
          data-testid="tile"
        />
        <div
          class="tile"
          data-testid="tile"
        />
        <div
          class="tile"
          data-testid="tile"
        />
        <div
          class="tile"
          data-testid="tile"
        />
        <div
          class="tile"
          data-testid="tile"
        />
        <div
          class="tile"
          data-testid="tile"
        />
        <div
          class="tile"
          data-testid="tile"
        />
        <div
          class="tile"
          data-testid="tile"
        />
        <div
          class="tile"
          data-testid="tile"
        />
        <div
          class="tile"
          data-testid="tile"
        />
        <div
          class="tile"
          data-testid="tile"
        />
        <div
          class="tile"
          data-testid="tile"
        />
        <div
          class="tile"
          data-testid="tile"
        />
        <div
          class="tile"
          data-testid="tile"
        />
        <div
          class="tile"
          data-testid="tile"
        />
        <div
          class="tile"
          data-testid="tile"
        />
        <div
          class="tile"
          data-testid="tile"
        />
        <div
          class="tile"
          data-testid="tile"
        />
        <div
          class="tile"
          data-testid="tile"
        />
        <div
          class="tile"
          data-testid="tile"
        />
        <div
          class="tile"
          data-testid="tile"
        />
        <div
          class="tile"
          data-testid="tile"
        />
        <div
          class="tile"
          data-testid="tile"
        />
        <div
          class="tile"
          data-testid="tile"
        />
        <div
          class="tile"
          data-testid="tile"
        />
        <div
          class="tile"
          data-testid="tile"
        />
      </div>
      <button>
        New Game
      </button>
    </div>
    <footer>
      <div
        class="footer-icons"
      >
        <a
          href="https://www.freecodecamp.com/chazmcgrill"
        >
          <i
            aria-hidden="true"
            class="fa fa-free-code-camp"
          />
        </a>
        <a
          href="https://twitter.com/charlietcoder"
        >
          <i
            aria-hidden="true"
            class="fa fa-twitter"
          />
        </a>
        <a
          href="https://github.com/chazmcgrill"
        >
          <i
            aria-hidden="true"
            class="fa fa-github"
          />
        </a>
        <a
          href="https://www.linkedin.com/in/charliejbtaylor/"
        >
          <i
            aria-hidden="true"
            class="fa fa-linkedin"
          />
        </a>
        <a
          href="https://codepen.io/chazmcgrill/"
        >
          <i
            aria-hidden="true"
            class="fa fa-codepen"
          />
        </a>
      </div>
      <p
        class="footer-message"
      >
        designed and coded by
        <a
          href="http://www.charlietaylorcoder.com"
        >
           charlie taylor
        </a>
      </p>
    </footer>
  </div>
</DocumentFragment>
`;
